// Jest Snapshot v1, https://goo.gl/fbAQLP

exports[`Testing Header of \`components/header\` Check the snapshot 1`] = `<NavBar />`;
